## Footprint report - date 2026-09-09T21:23:35
## Printed by KiCad version 10.0.3
## Unit = mm, Angle = deg.

$BeginDESCRIPTION

$BOARD
upper_left_corner 112.400000 58.716750
$EndBOARD

$MODULE C1
reference C1
value 0.01u
footprint Capacitor_THT:CP_Axial_L10.0mm_D4.5mm_P15.00mm_Horizontal
attribut none
position 124.455000 77.660000  orientation 0.00
layer front
$PAD "1"
Shape Roundrect Layer both
position  0.000000  0.000000 size  2.000000  2.000000 orientation 0.00
drill  1.000000
shape_offset  0.000000  0.000000
$EndPAD
$PAD "2"
Shape Circle Layer both
position 15.000000  0.000000 size  2.000000  2.000000 orientation 0.00
drill  1.000000
shape_offset  0.000000  0.000000
$EndPAD
$EndMODULE C1

$MODULE D1
reference D1
value 1N4007
footprint Diode_THT:D_DO-41_SOD81_P10.16mm_Horizontal
attribut none
position 130.695000 82.805000  orientation 0.00
layer front
$PAD "1"
Shape Roundrect Layer both
position  0.000000  0.000000 size  2.200000  2.200000 orientation 0.00
drill  1.100000
shape_offset  0.000000  0.000000
$EndPAD
$PAD "2"
Shape Circle Layer both
position 10.160000  0.000000 size  2.200000  2.200000 orientation 0.00
drill  1.100000
shape_offset  0.000000  0.000000
$EndPAD
$EndMODULE D1

$MODULE R1
reference R1
value 47k
footprint Resistor_THT:R_Axial_DIN0207_L6.3mm_D2.5mm_P2.54mm_Vertical
attribut none
position 124.705000 82.705000  orientation 0.00
layer front
$PAD "1"
Shape Circle Layer both
position  0.000000  0.000000 size  1.600000  1.600000 orientation 0.00
drill  0.800000
shape_offset  0.000000  0.000000
$EndPAD
$PAD "2"
Shape Circle Layer both
position  2.540000  0.000000 size  1.600000  1.600000 orientation 0.00
drill  0.800000
shape_offset  0.000000  0.000000
$EndPAD
$EndMODULE R1

$MODULE R2
reference R2
value 220k
footprint Resistor_THT:R_Axial_DIN0207_L6.3mm_D2.5mm_P2.54mm_Vertical
attribut none
position 124.705000 86.755000  orientation 0.00
layer front
$PAD "1"
Shape Circle Layer both
position  0.000000  0.000000 size  1.600000  1.600000 orientation 0.00
drill  0.800000
shape_offset  0.000000  0.000000
$EndPAD
$PAD "2"
Shape Circle Layer both
position  2.540000  0.000000 size  1.600000  1.600000 orientation 0.00
drill  0.800000
shape_offset  0.000000  0.000000
$EndPAD
$EndMODULE R2

$MODULE R3
reference R3
value 47k
footprint Resistor_THT:R_Axial_DIN0207_L6.3mm_D2.5mm_P2.54mm_Vertical
attribut none
position 124.705000 90.805000  orientation 0.00
layer front
$PAD "1"
Shape Circle Layer both
position  0.000000  0.000000 size  1.600000  1.600000 orientation 0.00
drill  0.800000
shape_offset  0.000000  0.000000
$EndPAD
$PAD "2"
Shape Circle Layer both
position  2.540000  0.000000 size  1.600000  1.600000 orientation 0.00
drill  0.800000
shape_offset  0.000000  0.000000
$EndPAD
$EndMODULE R3

$MODULE R4
reference R4
value 470Ω
footprint Resistor_THT:R_Axial_DIN0207_L6.3mm_D2.5mm_P2.54mm_Vertical
attribut none
position 124.705000 94.855000  orientation 0.00
layer front
$PAD "1"
Shape Circle Layer both
position  0.000000  0.000000 size  1.600000  1.600000 orientation 0.00
drill  0.800000
shape_offset  0.000000  0.000000
$EndPAD
$PAD "2"
Shape Circle Layer both
position  2.540000  0.000000 size  1.600000  1.600000 orientation 0.00
drill  0.800000
shape_offset  0.000000  0.000000
$EndPAD
$EndMODULE R4

$MODULE U1
reference U1
value NE555P
footprint Package_DIP:DIP-8_W7.62mm
attribut none
position 113.485000 84.015000  orientation 0.00
layer front
$PAD "1"
Shape Roundrect Layer both
position  0.000000  0.000000 size  1.600000  1.600000 orientation 0.00
drill  0.800000
shape_offset  0.000000  0.000000
$EndPAD
$PAD "2"
Shape Circle Layer both
position  0.000000  2.540000 size  1.600000  1.600000 orientation 0.00
drill  0.800000
shape_offset  0.000000  0.000000
$EndPAD
$PAD "3"
Shape Circle Layer both
position  0.000000  5.080000 size  1.600000  1.600000 orientation 0.00
drill  0.800000
shape_offset  0.000000  0.000000
$EndPAD
$PAD "4"
Shape Circle Layer both
position  0.000000  7.620000 size  1.600000  1.600000 orientation 0.00
drill  0.800000
shape_offset  0.000000  0.000000
$EndPAD
$PAD "5"
Shape Circle Layer both
position  7.620000  7.620000 size  1.600000  1.600000 orientation 0.00
drill  0.800000
shape_offset  0.000000  0.000000
$EndPAD
$PAD "6"
Shape Circle Layer both
position  7.620000  5.080000 size  1.600000  1.600000 orientation 0.00
drill  0.800000
shape_offset  0.000000  0.000000
$EndPAD
$PAD "7"
Shape Circle Layer both
position  7.620000  2.540000 size  1.600000  1.600000 orientation 0.00
drill  0.800000
shape_offset  0.000000  0.000000
$EndPAD
$PAD "8"
Shape Circle Layer both
position  7.620000  0.000000 size  1.600000  1.600000 orientation 0.00
drill  0.800000
shape_offset  0.000000  0.000000
$EndPAD
$EndMODULE U1

$MODULE U2
reference U2
value CD4033B
footprint Package_DIP:DIP-16_W7.62mm
attribut none
position 113.485000 62.145000  orientation 0.00
layer front
$PAD "1"
Shape Roundrect Layer both
position  0.000000  0.000000 size  1.600000  1.600000 orientation 0.00
drill  0.800000
shape_offset  0.000000  0.000000
$EndPAD
$PAD "2"
Shape Circle Layer both
position  0.000000  2.540000 size  1.600000  1.600000 orientation 0.00
drill  0.800000
shape_offset  0.000000  0.000000
$EndPAD
$PAD "3"
Shape Circle Layer both
position  0.000000  5.080000 size  1.600000  1.600000 orientation 0.00
drill  0.800000
shape_offset  0.000000  0.000000
$EndPAD
$PAD "4"
Shape Circle Layer both
position  0.000000  7.620000 size  1.600000  1.600000 orientation 0.00
drill  0.800000
shape_offset  0.000000  0.000000
$EndPAD
$PAD "5"
Shape Circle Layer both
position  0.000000 10.160000 size  1.600000  1.600000 orientation 0.00
drill  0.800000
shape_offset  0.000000  0.000000
$EndPAD
$PAD "6"
Shape Circle Layer both
position  0.000000 12.700000 size  1.600000  1.600000 orientation 0.00
drill  0.800000
shape_offset  0.000000  0.000000
$EndPAD
$PAD "7"
Shape Circle Layer both
position  0.000000 15.240000 size  1.600000  1.600000 orientation 0.00
drill  0.800000
shape_offset  0.000000  0.000000
$EndPAD
$PAD "8"
Shape Circle Layer both
position  0.000000 17.780000 size  1.600000  1.600000 orientation 0.00
drill  0.800000
shape_offset  0.000000  0.000000
$EndPAD
$PAD "9"
Shape Circle Layer both
position  7.620000 17.780000 size  1.600000  1.600000 orientation 0.00
drill  0.800000
shape_offset  0.000000  0.000000
$EndPAD
$PAD "10"
Shape Circle Layer both
position  7.620000 15.240000 size  1.600000  1.600000 orientation 0.00
drill  0.800000
shape_offset  0.000000  0.000000
$EndPAD
$PAD "11"
Shape Circle Layer both
position  7.620000 12.700000 size  1.600000  1.600000 orientation 0.00
drill  0.800000
shape_offset  0.000000  0.000000
$EndPAD
$PAD "12"
Shape Circle Layer both
position  7.620000 10.160000 size  1.600000  1.600000 orientation 0.00
drill  0.800000
shape_offset  0.000000  0.000000
$EndPAD
$PAD "13"
Shape Circle Layer both
position  7.620000  7.620000 size  1.600000  1.600000 orientation 0.00
drill  0.800000
shape_offset  0.000000  0.000000
$EndPAD
$PAD "14"
Shape Circle Layer both
position  7.620000  5.080000 size  1.600000  1.600000 orientation 0.00
drill  0.800000
shape_offset  0.000000  0.000000
$EndPAD
$PAD "15"
Shape Circle Layer both
position  7.620000  2.540000 size  1.600000  1.600000 orientation 0.00
drill  0.800000
shape_offset  0.000000  0.000000
$EndPAD
$PAD "16"
Shape Circle Layer both
position  7.620000  0.000000 size  1.600000  1.600000 orientation 0.00
drill  0.800000
shape_offset  0.000000  0.000000
$EndPAD
$EndMODULE U2

$MODULE U3
reference U3
value D1X8K-14BL
footprint Display_7Segment:D1X8K
attribut none
position 125.580000 62.045000  orientation 0.00
layer front
$PAD "1"
Shape Rect Layer both
position  0.000000  0.000000 size  1.600000  1.600000 orientation 270.00
drill  0.800000
shape_offset  0.000000  0.000000
$EndPAD
$PAD "2"
Shape Circle Layer both
position  0.000000  2.540000 size  1.600000  1.600000 orientation 270.00
drill  0.800000
shape_offset  0.000000  0.000000
$EndPAD
$PAD "3"
Shape Circle Layer both
position  0.000000  5.080000 size  1.600000  1.600000 orientation 270.00
drill  0.800000
shape_offset  0.000000  0.000000
$EndPAD
$PAD "4"
Shape Circle Layer both
position  0.000000  7.620000 size  1.600000  1.600000 orientation 270.00
drill  0.800000
shape_offset  0.000000  0.000000
$EndPAD
$PAD "5"
Shape Circle Layer both
position  0.000000 10.160000 size  1.600000  1.600000 orientation 270.00
drill  0.800000
shape_offset  0.000000  0.000000
$EndPAD
$PAD "6"
Shape Circle Layer both
position 15.240000 10.160000 size  1.600000  1.600000 orientation 270.00
drill  0.800000
shape_offset  0.000000  0.000000
$EndPAD
$PAD "7"
Shape Circle Layer both
position 15.240000  7.620000 size  1.600000  1.600000 orientation 270.00
drill  0.800000
shape_offset  0.000000  0.000000
$EndPAD
$PAD "8"
Shape Circle Layer both
position 15.240000  5.080000 size  1.600000  1.600000 orientation 270.00
drill  0.800000
shape_offset  0.000000  0.000000
$EndPAD
$PAD "9"
Shape Circle Layer both
position 15.240000  2.540000 size  1.600000  1.600000 orientation 270.00
drill  0.800000
shape_offset  0.000000  0.000000
$EndPAD
$PAD "10"
Shape Circle Layer both
position 15.240000  0.000000 size  1.600000  1.600000 orientation 270.00
drill  0.800000
shape_offset  0.000000  0.000000
$EndPAD
$EndMODULE U3

$MODULE U4
reference U4
value ~
footprint Button_Switch_SMD:SW_DIP_SPSTx01_Slide_6.7x4.1mm_W8.61mm_P2.54mm_LowProfile
attribut smd
position 135.125000 87.840000  orientation 0.00
layer front
$PAD "1"
Shape Roundrect Layer front
position -4.305000  0.000000 size  2.440000  1.120000 orientation 0.00
drill  0.000000
shape_offset  0.000000  0.000000
$EndPAD
$PAD "2"
Shape Roundrect Layer front
position  4.305000  0.000000 size  2.440000  1.120000 orientation 0.00
drill  0.000000
shape_offset  0.000000  0.000000
$EndPAD
$EndMODULE U4

$EndDESCRIPTION
